fecha: 2026-10-08T01:56:06Z
commit: d79f95784e0f83016cd860445820432577360d16
evento: push
resultado: success
run: https://github.com/fernandomtzamx/publimerca-contenido/actions/runs/37715339227
---
WP_URL: presente
WP_USER: presente
WP_APP_PASSWORD: presente
Argumentos: content/publicidad/mejores-agencias-publicidad-digital-mexico.md 
Endpoint: https://www.publimerca.com/wp-json/ (HTTP 200)
Métodos de autenticación anunciados: application-passwords
Conectado como aiagent (roles: editor)
  + categoría creada: publicidad
  + etiqueta creada: agencias
  + etiqueta creada: publicidad digital
  + etiqueta creada: México
  + etiqueta creada: Cannes Lions
  + etiqueta creada: Effie
content/publicidad/mejores-agencias-publicidad-digital-mexico.md: post creada (publish) id=1807 https://www.publimerca.com/2026/10/08/mejores-agencias-publicidad-digital-mexico/
